[INFO] Scanning for projects...
[INFO] 
[INFO] -----------------------< xyz.planecon:planecon >------------------------
[INFO] Building planecon 0.2.4.1-alpha-SNAPSHOT
[INFO]   from pom.xml
[INFO] --------------------------------[ jar ]---------------------------------
[INFO] 
[INFO] --- clean:3.3.2:clean (default-clean) @ planecon ---
[INFO] Deleting /home/lorranluiz/planecon/target
[INFO] 
[INFO] --- resources:3.3.1:resources (default-resources) @ planecon ---
[INFO] Copying 1 resource from src/main/resources to target/classes
[INFO] Copying 119 resources from src/main/resources to target/classes
[INFO] 
[INFO] --- compiler:3.11.0:compile (default-compile) @ planecon ---
[INFO] Changes detected - recompiling the module! :source
[INFO] Compiling 86 source files with javac [debug release 21] to target/classes
[INFO] Annotation processing is enabled because one or more processors were found
  on the class path. A future release of javac may disable annotation processing
  unless at least one processor is specified by name (-processor), or a search
  path is specified (--processor-path, --processor-module-path), or annotation
  processing is enabled explicitly (-proc:only, -proc:full).
  Use -Xlint:-options to suppress this message.
  Use -proc:none to disable annotation processing.
[WARNING] /home/lorranluiz/planecon/src/main/java/xyz/planecon/model/entity/DemandStock.java:[40,5] Not generating equals and hashCode: A method with one of those names already exists. (Either both or none of these methods will be generated).
[WARNING] /home/lorranluiz/planecon/src/main/java/xyz/planecon/model/entity/WorkersProposal.java:[45,5] Not generating equals and hashCode: A method with one of those names already exists. (Either both or none of these methods will be generated).
[WARNING] /home/lorranluiz/planecon/src/main/java/xyz/planecon/model/entity/DemandVector.java:[68,5] Not generating equals and hashCode: A method with one of those names already exists. (Either both or none of these methods will be generated).
[INFO] /home/lorranluiz/planecon/src/main/java/xyz/planecon/config/DatabaseSeeder.java: /home/lorranluiz/planecon/src/main/java/xyz/planecon/config/DatabaseSeeder.java uses or overrides a deprecated API.
[INFO] /home/lorranluiz/planecon/src/main/java/xyz/planecon/config/DatabaseSeeder.java: Recompile with -Xlint:deprecation for details.
[INFO] 
[INFO] --- resources:3.3.1:testResources (default-testResources) @ planecon ---
[INFO] skip non existing resourceDirectory /home/lorranluiz/planecon/src/test/resources
[INFO] 
[INFO] --- compiler:3.11.0:testCompile (default-testCompile) @ planecon ---
[INFO] No sources to compile
[INFO] 
[INFO] --- surefire:3.1.2:test (default-test) @ planecon ---
[INFO] Tests are skipped.
[INFO] 
[INFO] --- jar:3.3.0:jar (default-jar) @ planecon ---
[INFO] Building jar: /home/lorranluiz/planecon/target/planecon-0.2.4.1-alpha-SNAPSHOT.jar
[INFO] 
[INFO] --- spring-boot:3.2.5:repackage (repackage) @ planecon ---
[INFO] Replacing main artifact /home/lorranluiz/planecon/target/planecon-0.2.4.1-alpha-SNAPSHOT.jar with repackaged archive, adding nested dependencies in BOOT-INF/.
[INFO] The original artifact has been renamed to /home/lorranluiz/planecon/target/planecon-0.2.4.1-alpha-SNAPSHOT.jar.original
[INFO] ------------------------------------------------------------------------
[INFO] BUILD SUCCESS
[INFO] ------------------------------------------------------------------------
[INFO] Total time:  03:25 min
[INFO] Finished at: 2026-03-07T12:49:32-03:00
[INFO] ------------------------------------------------------------------------
