🚀 Servidor rodando em http://localhost:3000
📍 Acesse: http://localhost:3000/mapa_fabricas.html
📝 Cache salvo em: /home/lorranluiz/planecon/factorsMap/geocache.json
🔍 Geocodificando: RUA JOAO URSULO, 1620, POLO INDUSTRIAL DE CAMACARI - CAMACARI/BA
✅ RUA JOAO URSULO, 1620, POLO INDUSTRIAL DE CAMACARI - CAMACARI/BA => [-12.674237, -38.3257961]
🔍 Geocodificando: RUA DOS PLASTICOS, 871, POLO INDUSTRIAL DE CAMACARI - CAMACARI/BA
✅ RUA DOS PLASTICOS, 871, POLO INDUSTRIAL DE CAMACARI - CAMACARI/BA => [-12.665938, -38.296244]
🔍 Geocodificando: RUA DOS PLASTICOS, 315, POLO INDUSTRIAL DE CAMACARI - CAMACARI/BA
✅ RUA DOS PLASTICOS, 315, POLO INDUSTRIAL DE CAMACARI - CAMACARI/BA => [-12.665938, -38.296244]
🔍 Geocodificando: VIA PARAFUSO, S/N, ZONA INDUSTRIAL - CAMACARI/BA
✅ VIA PARAFUSO, S/N, ZONA INDUSTRIAL - CAMACARI/BA => [-12.6977883, -38.3060408]
🔍 Geocodificando: RUA DOS PLASTICOS, 761, AREA INDL LESTE - CAMACARI/BA
✅ RUA DOS PLASTICOS, 761, AREA INDL LESTE - CAMACARI/BA => [-12.665938, -38.296244]

📊 6 atualização(ões) de cache (sucesso/falha) gravadas
💾 Coordenadas persistidas em CSV da cidade: 22 linha(s)
📦 Retornando 5 coordenadas
🔍 Geocodificando: RUA CANTO DO BOSQUE, S/N, PARQUE DAS DUNAS (ABRANTES) - CAMACARI/BA
✅ RUA CANTO DO BOSQUE, S/N, PARQUE DAS DUNAS (ABRANTES) - CAMACARI/BA => [-12.815034, -38.2408939]
🔍 Geocodificando: RUA O, S/N, POLOPLAST - CAMACARI/BA
✅ RUA O, S/N, POLOPLAST - CAMACARI/BA => [-12.6956288, -38.3018449]
🔍 Geocodificando: RUA ALFA, 1033, POLO INDUSTRIAL DE CAMACARI - CAMACARI/BA
✅ RUA ALFA, 1033, POLO INDUSTRIAL DE CAMACARI - CAMACARI/BA => [-12.6421355, -38.3296164]
🔍 Geocodificando: AVENIDA PALMEIRAS, 169, POLOPLAST - CAMACARI/BA
✅ AVENIDA PALMEIRAS, 169, POLOPLAST - CAMACARI/BA => [-12.6949782, -38.2951304]
🔍 Geocodificando: RODOVIA BA 535  VIA PARAFUSO, S/N, MASSARANDUBA - CAMACARI/BA
✅ RODOVIA BA 535  VIA PARAFUSO, S/N, MASSARANDUBA - CAMACARI/BA => [-12.7114835, -38.1385506]

📊 5 atualização(ões) de cache (sucesso/falha) gravadas
💾 Coordenadas persistidas em CSV da cidade: 41 linha(s)
📦 Retornando 5 coordenadas
🔍 Geocodificando: RODOVIA BA 535 KM 13, S/N, PARAFUSO - CAMACARI/BA
✅ RODOVIA BA 535 KM 13, S/N, PARAFUSO - CAMACARI/BA => [-12.7718877, -38.3268278]
🔍 Geocodificando: RODOVIA BA-535, KM 13,5, RUA E, S/N, POLO LOGISTICO - CAMACARI/BA
✅ RODOVIA BA-535, KM 13,5, RUA E, S/N, POLO LOGISTICO - CAMACARI/BA => [-12.6998188, -38.3260762]
🔍 Geocodificando: RODOVIA BA 535  VIA PARAFUSO, KM 13,5, RUA E, S/N, MASSARANDUBA - CAMACARI/BA
✅ RODOVIA BA 535  VIA PARAFUSO, KM 13,5, RUA E, S/N, MASSARANDUBA - CAMACARI/BA => [-12.7114835, -38.1385506]
🔍 Geocodificando: AVENIDA JORGE AMADO, 100, NOVA VITORIA - CAMACARI/BA
✅ AVENIDA JORGE AMADO, 100, NOVA VITORIA - CAMACARI/BA => [-12.7060012, -38.316262]
🔍 Geocodificando: RUA OXIGENIO, 245, POLO INDUSTRIAL DE CAMACARI - CAMACARI/BA
✅ RUA OXIGENIO, 245, POLO INDUSTRIAL DE CAMACARI - CAMACARI/BA => [-12.6564262, -38.3067751]

📊 5 atualização(ões) de cache (sucesso/falha) gravadas
💾 Coordenadas persistidas em CSV da cidade: 26 linha(s)
📦 Retornando 5 coordenadas
🔍 Geocodificando: RUA OXIGENIO, 765, COPEC - CAMACARI/BA
✅ RUA OXIGENIO, 765, COPEC - CAMACARI/BA => [-12.6564262, -38.3067751]
🔍 Geocodificando: RUA ETENO, 5001, POLO INDUSTRIAL DE CAMACARI - CAMACARI/BA
✅ RUA ETENO, 5001, POLO INDUSTRIAL DE CAMACARI - CAMACARI/BA => [-12.6613709, -38.3173117]
🔍 Geocodificando: RUA ETENO, 2198, POLO INDUSTRIAL DE CAMACARI - CAMACARI/BA
✅ RUA ETENO, 2198, POLO INDUSTRIAL DE CAMACARI - CAMACARI/BA => [-12.6613709, -38.3173117]
🔍 Geocodificando: RUA HIDROGENIO, 824, POLO INDUSTRIAL DE CAMACARI - CAMACARI/BA
✅ RUA HIDROGENIO, 824, POLO INDUSTRIAL DE CAMACARI - CAMACARI/BA => [-12.6674855, -38.3148858]
🔍 Geocodificando: RUA DOS PIGMENTOS, S/N, COPEC C P CAMACARI - CAMACARI/BA
✅ RUA DOS PIGMENTOS, S/N, COPEC C P CAMACARI - CAMACARI/BA => [-12.6658421, -38.2919645]

📊 5 atualização(ões) de cache (sucesso/falha) gravadas
💾 Coordenadas persistidas em CSV da cidade: 40 linha(s)
📦 Retornando 5 coordenadas
🔍 Geocodificando: RUA ALFA, 1646F, POLO INDUSTRIAL DE CAMACARI - CAMACARI/BA
✅ RUA ALFA, 1646F, POLO INDUSTRIAL DE CAMACARI - CAMACARI/BA => [-12.6421355, -38.3296164]
🔍 Geocodificando: RUA ETENO, 2198, POLO PETROQUIMICO - CAMACARI/BA
✅ RUA ETENO, 2198, POLO PETROQUIMICO - CAMACARI/BA => [-12.6613709, -38.3173117]
🔍 Geocodificando: RUA ALFA, 1428, POLO INDUSTRIAL DE CAMACARI - CAMACARI/BA
✅ RUA ALFA, 1428, POLO INDUSTRIAL DE CAMACARI - CAMACARI/BA => [-12.6421355, -38.3296164]
🔍 Geocodificando: RUA BETA, 281, POLO PETROQUIMICO - CAMACARI/BA
✅ RUA BETA, 281, POLO PETROQUIMICO - CAMACARI/BA => [-12.6327637, -38.3246099]
🔍 Geocodificando: RUA JOAO URSULO, 700, POLO INDUSTRIAL DE CAMACARI - CAMACARI/BA
✅ RUA JOAO URSULO, 700, POLO INDUSTRIAL DE CAMACARI - CAMACARI/BA => [-12.6740791, -38.3237111]

📊 5 atualização(ões) de cache (sucesso/falha) gravadas
💾 Coordenadas persistidas em CSV da cidade: 40 linha(s)
📦 Retornando 5 coordenadas
🔍 Geocodificando: RUA ETENO, S/N, POLO PETROQUIMICO - CAMACARI/BA
✅ RUA ETENO, S/N, POLO PETROQUIMICO - CAMACARI/BA => [-12.6613709, -38.3173117]
🔍 Geocodificando: RUA BENZENO, S/N, POLO PETROQUIMICO - CAMACARI/BA
✅ RUA BENZENO, S/N, POLO PETROQUIMICO - CAMACARI/BA => [-12.6554921, -38.3268711]
🔍 Geocodificando: RUA HIDROGENIO, 1879, POLO INDUSTRIAL DE CAMACARI - CAMACARI/BA
✅ RUA HIDROGENIO, 1879, POLO INDUSTRIAL DE CAMACARI - CAMACARI/BA => [-12.6674855, -38.3148858]
🔍 Geocodificando: RUA HIDROGENIO, 3076 A, POLO INDUSTRIAL DE CAMACARI - CAMACARI/BA
✅ RUA HIDROGENIO, 3076 A, POLO INDUSTRIAL DE CAMACARI - CAMACARI/BA => [-12.6674855, -38.3148858]
🔍 Geocodificando: RUA HIDROGENIO, 824, POLO PETROQUIMICO - CAMACARI/BA
✅ RUA HIDROGENIO, 824, POLO PETROQUIMICO - CAMACARI/BA => [-12.6674855, -38.3148858]

📊 5 atualização(ões) de cache (sucesso/falha) gravadas
💾 Coordenadas persistidas em CSV da cidade: 32 linha(s)
📦 Retornando 5 coordenadas
🔍 Geocodificando: RUA AMONIA, S/N, POLO PETROQUIMICO - CAMACARI/BA
✅ RUA AMONIA, S/N, POLO PETROQUIMICO - CAMACARI/BA => [-12.6777767, -38.3447141]
🔍 Geocodificando: ACESSO ACESSO 2, POLO LOGISTICO, S/N, POLO LOGISTICO - CAMACARI/BA
✅ ACESSO ACESSO 2, POLO LOGISTICO, S/N, POLO LOGISTICO - CAMACARI/BA => [-12.8649452, -38.2871152]
🔍 Geocodificando: RODOVIA BA 099  ESTRADA DO COCO, , AREMBEPE (ABRANTES) - CAMACARI/BA
✅ RODOVIA BA 099  ESTRADA DO COCO, , AREMBEPE (ABRANTES) - CAMACARI/BA => [-12.7767754, -38.1987352]
🔍 Geocodificando: RUA HIDROGENIO, S/N, POLO INDUSTRIAL DE CAMACARI - CAMACARI/BA
✅ RUA HIDROGENIO, S/N, POLO INDUSTRIAL DE CAMACARI - CAMACARI/BA => [-12.6674855, -38.3148858]
🔍 Geocodificando: RUA JOAO URSULO, 640, POLO INDUSTRIAL DE CAMACARI - CAMACARI/BA
✅ RUA JOAO URSULO, 640, POLO INDUSTRIAL DE CAMACARI - CAMACARI/BA => [-12.6740791, -38.3237111]

📊 5 atualização(ões) de cache (sucesso/falha) gravadas
💾 Coordenadas persistidas em CSV da cidade: 22 linha(s)
📦 Retornando 5 coordenadas
🔍 Geocodificando: RUA ETENO, 1561, POLO INDUSTRIAL DE CAMACARI - CAMACARI/BA
✅ RUA ETENO, 1561, POLO INDUSTRIAL DE CAMACARI - CAMACARI/BA => [-12.6622314, -38.3259869]
🔍 Geocodificando: RUA HIDROGENIO, 3520, POLO PETROQUIMICO - CAMACARI/BA
✅ RUA HIDROGENIO, 3520, POLO PETROQUIMICO - CAMACARI/BA => [-12.6674855, -38.3148858]
🔍 Geocodificando: RUA JOAO URSULO, 1261, POLO INDUSTRIAL DE CAMACARI - CAMACARI/BA
✅ RUA JOAO URSULO, 1261, POLO INDUSTRIAL DE CAMACARI - CAMACARI/BA => [-12.6740791, -38.3237111]
🔍 Geocodificando: RUA BENZENO, 1.065, POLO INDUSTRIAL DE CAMACARI - CAMACARI/BA
✅ RUA BENZENO, 1.065, POLO INDUSTRIAL DE CAMACARI - CAMACARI/BA => [-12.6554921, -38.3268711]
🔍 Geocodificando: RUA DO BRONZE, S/N, POLO DE APOIO - CAMACARI/BA
✅ RUA DO BRONZE, S/N, POLO DE APOIO - CAMACARI/BA => [-12.7009767, -38.3061559]

📊 5 atualização(ões) de cache (sucesso/falha) gravadas
💾 Coordenadas persistidas em CSV da cidade: 73 linha(s)
📦 Retornando 5 coordenadas
🔍 Geocodificando: RUA ETENO, 3189, POLO INDUSTRIAL DE CAMACARI - CAMACARI/BA
✅ RUA ETENO, 3189, POLO INDUSTRIAL DE CAMACARI - CAMACARI/BA => [-12.6613709, -38.3173117]
🔍 Geocodificando: VIA FRONTAL, KM 1, S/N, POLO PETROQUIMICO DE CAMACARI - CAMACARI/BA
✅ VIA FRONTAL, KM 1, S/N, POLO PETROQUIMICO DE CAMACARI - CAMACARI/BA => [-12.6598249, -38.3380089]
🔍 Geocodificando: RODOVIA BA 535  VIA PARAFUSO, KM 6, POLOPLAST - CAMACARI/BA
✅ RODOVIA BA 535  VIA PARAFUSO, KM 6, POLOPLAST - CAMACARI/BA => [-12.6953367, -38.3006648]
🔍 Geocodificando: RUA BENZENO, 779, POLO PETROQUIMICO - CAMACARI/BA
✅ RUA BENZENO, 779, POLO PETROQUIMICO - CAMACARI/BA => [-12.6554921, -38.3268711]
🔍 Geocodificando: RUA FENOL, S/N, POLO INDUSTRIAL DE CAMACARI - CAMACARI/BA
✅ RUA FENOL, S/N, POLO INDUSTRIAL DE CAMACARI - CAMACARI/BA => [-12.6631893, -38.3044721]

📊 5 atualização(ões) de cache (sucesso/falha) gravadas
💾 Coordenadas persistidas em CSV da cidade: 28 linha(s)
📦 Retornando 5 coordenadas
🔍 Geocodificando: RODOVIA BA 530  VIA CETREL  VIA ATLANTICA, S/N, POLO INDUSTRIAL DE CAMACARI - CAMACARI/BA
✅ RODOVIA BA 530  VIA CETREL  VIA ATLANTICA, S/N, POLO INDUSTRIAL DE CAMACARI - CAMACARI/BA => [-12.6631893, -38.3044721]
🔍 Geocodificando: RUA HIDROGENIO, 3342, COPEC - CAMACARI/BA
✅ RUA HIDROGENIO, 3342, COPEC - CAMACARI/BA => [-12.6674855, -38.3148858]
🔍 Geocodificando: AVENIDA LESTE, S/N, POLOPLAST - CAMACARI/BA
✅ AVENIDA LESTE, S/N, POLOPLAST - CAMACARI/BA => [-12.7042861, -38.3097992]
🔍 Geocodificando: RUA HIDROGENIO, 2802, POLO PETROQUIMICO - CAMACARI/BA
✅ RUA HIDROGENIO, 2802, POLO PETROQUIMICO - CAMACARI/BA => [-12.6674855, -38.3148858]
🔍 Geocodificando: RUA ETENO, 1582, COPEC - CAMACARI/BA
✅ RUA ETENO, 1582, COPEC - CAMACARI/BA => [-12.6613709, -38.3173117]

📊 5 atualização(ões) de cache (sucesso/falha) gravadas
💾 Coordenadas persistidas em CSV da cidade: 75 linha(s)
📦 Retornando 5 coordenadas
🔍 Geocodificando: RUA BENZENO, 2391, COPEC - CAMACARI/BA
✅ RUA BENZENO, 2391, COPEC - CAMACARI/BA => [-12.6554921, -38.3268711]
🔍 Geocodificando: RUA B4, S/N, POLOPLAST - CAMACARI/BA
✅ RUA B4, S/N, POLOPLAST - CAMACARI/BA => [-12.6956288, -38.3018449]
🔍 Geocodificando: RUA OXIGENIO ANTIGA VIA L, S/N, POLO PETROQUIMICO - CAMACARI/BA
✅ RUA OXIGENIO ANTIGA VIA L, S/N, POLO PETROQUIMICO - CAMACARI/BA => [-12.6777767, -38.3447141]
🔍 Geocodificando: RUA HIDROGENIO, 3076, POLO PETROQUIMICO - CAMACARI/BA
✅ RUA HIDROGENIO, 3076, POLO PETROQUIMICO - CAMACARI/BA => [-12.6674855, -38.3148858]
🔍 Geocodificando: RUA HIDROGENIO, 3076, POLO INDUSTRIAL DE CAMACARI - CAMACARI/BA
✅ RUA HIDROGENIO, 3076, POLO INDUSTRIAL DE CAMACARI - CAMACARI/BA => [-12.6674855, -38.3148858]

📊 5 atualização(ões) de cache (sucesso/falha) gravadas
💾 Coordenadas persistidas em CSV da cidade: 29 linha(s)
📦 Retornando 5 coordenadas
🔍 Geocodificando: RUA ETENO, 3832, POLO INDUSTRIAL DE CAMACARI - CAMACARI/BA
✅ RUA ETENO, 3832, POLO INDUSTRIAL DE CAMACARI - CAMACARI/BA => [-12.6613709, -38.3173117]
🔍 Geocodificando: RUA ETENO, 5001, POLO PETROQUIMICO - CAMACARI/BA
✅ RUA ETENO, 5001, POLO PETROQUIMICO - CAMACARI/BA => [-12.6613709, -38.3173117]
🔍 Geocodificando: RODOVIA BA 535  VIA PARAFUSO, S/N, INDUSTRIAL - CAMACARI/BA
✅ RODOVIA BA 535  VIA PARAFUSO, S/N, INDUSTRIAL - CAMACARI/BA => [-12.6616713, -38.3145037]
🔍 Geocodificando: RUA ETENO, 1242, COPEC - CAMACARI/BA
✅ RUA ETENO, 1242, COPEC - CAMACARI/BA => [-12.6613709, -38.3173117]
🔍 Geocodificando: RUA ETENO, 1042, POLO INDUSTRIAL DE CAMACARI - CAMACARI/BA
✅ RUA ETENO, 1042, POLO INDUSTRIAL DE CAMACARI - CAMACARI/BA => [-12.6613709, -38.3173117]

📊 5 atualização(ões) de cache (sucesso/falha) gravadas
💾 Coordenadas persistidas em CSV da cidade: 21 linha(s)
📦 Retornando 5 coordenadas
🔍 Geocodificando: AVENIDA ANTONIO SOBRINHO, S/N, MALICIA (ABRANTES) - CAMACARI/BA
✅ AVENIDA ANTONIO SOBRINHO, S/N, MALICIA (ABRANTES) - CAMACARI/BA => [-12.828569, -38.2602138]
🔍 Geocodificando: RUA DOM PEDRO I, S/N, PARQUE NASCENTE DO RIO CAPIVARA - CAMACARI/BA
✅ RUA DOM PEDRO I, S/N, PARQUE NASCENTE DO RIO CAPIVARA - CAMACARI/BA => [-12.8401783, -38.2643031]
🔍 Geocodificando: RUA HIDROGENIO, 785, POLO INDUSTRIAL DE CAMACARI - CAMACARI/BA
✅ RUA HIDROGENIO, 785, POLO INDUSTRIAL DE CAMACARI - CAMACARI/BA => [-12.6674855, -38.3148858]
🔍 Geocodificando: RODOVIA BA-535 (VIA PARAFUSO), S/N, POLO PETROQUIMICO - CAMACARI/BA
✅ RODOVIA BA-535 (VIA PARAFUSO), S/N, POLO PETROQUIMICO - CAMACARI/BA => [-12.6777767, -38.3447141]
🔍 Geocodificando: RODOVIA BA 530  VIA CETREL  VIA ATLANTICA S/N CONTINENTAL DO BRAS, S/N, POLO INDUSTRIAL DE CAMACARI - CAMACARI/BA
✅ RODOVIA BA 530  VIA CETREL  VIA ATLANTICA S/N CONTINENTAL DO BRAS, S/N, POLO INDUSTRIAL DE CAMACARI - CAMACARI/BA => [-12.6631893, -38.3044721]

📊 5 atualização(ões) de cache (sucesso/falha) gravadas
💾 Coordenadas persistidas em CSV da cidade: 18 linha(s)
📦 Retornando 5 coordenadas
🔍 Geocodificando: VIA PARAFUSO, S/N, PARAFUSO - CAMACARI/BA
✅ VIA PARAFUSO, S/N, PARAFUSO - CAMACARI/BA => [-12.7590023, -38.3144015]
🔍 Geocodificando: VIA AXIAL, S/N, COMPLEXO PETROQUIMICO CAMACARI - CAMACARI/BA
✅ VIA AXIAL, S/N, COMPLEXO PETROQUIMICO CAMACARI - CAMACARI/BA => [-12.6733488, -38.3555222]
🔍 Geocodificando: RUA B5, S/N, POLOPLAST - CAMACARI/BA
✅ RUA B5, S/N, POLOPLAST - CAMACARI/BA => [-12.6956288, -38.3018449]
🔍 Geocodificando: RUA RUA DOS POLIMEROS, S/N, POLO PETROQUIMICO - CAMACARI/BA
✅ RUA RUA DOS POLIMEROS, S/N, POLO PETROQUIMICO - CAMACARI/BA => [-12.6777767, -38.3447141]
🔍 Geocodificando: VIA AXIAL, S/N, POLO INDUSTRIAL DE CAMACARI - CAMACARI/BA
✅ VIA AXIAL, S/N, POLO INDUSTRIAL DE CAMACARI - CAMACARI/BA => [-12.6733488, -38.3555222]

📊 5 atualização(ões) de cache (sucesso/falha) gravadas
💾 Coordenadas persistidas em CSV da cidade: 53 linha(s)
📦 Retornando 5 coordenadas
🔍 Geocodificando: AVENIDA ALAMEDA PLANICIE, S/N, POLO INDUSTRIAL DE CAMACARI - CAMACARI/BA
✅ AVENIDA ALAMEDA PLANICIE, S/N, POLO INDUSTRIAL DE CAMACARI - CAMACARI/BA => [-12.6631893, -38.3044721]
🔍 Geocodificando: VIA PARAFUSO, S/N, MONTE NEGRO - CAMACARI/BA
✅ VIA PARAFUSO, S/N, MONTE NEGRO - CAMACARI/BA => [-12.6977883, -38.3060408]
🔍 Geocodificando: RUA SUCUPIRA, S/N, PARQUE DAS PALMEIRAS - CAMACARI/BA
✅ RUA SUCUPIRA, S/N, PARQUE DAS PALMEIRAS - CAMACARI/BA => [-12.6894909, -38.3203958]
🔍 Geocodificando: RODOVIA DA BA 531  VIA ABRANTES  CASCALHEIRA, S/N, LOTEAMENTO MONTENEGRO - CAMACARI/BA
✅ RODOVIA DA BA 531  VIA ABRANTES  CASCALHEIRA, S/N, LOTEAMENTO MONTENEGRO - CAMACARI/BA => [-12.7021894, -38.3172413]
🔍 Geocodificando: RODOVIA BA-535, S/N, POLO PETROQUIMICO - CAMACARI/BA
✅ RODOVIA BA-535, S/N, POLO PETROQUIMICO - CAMACARI/BA => [-12.6777767, -38.3447141]

📊 5 atualização(ões) de cache (sucesso/falha) gravadas
💾 Coordenadas persistidas em CSV da cidade: 14 linha(s)
📦 Retornando 5 coordenadas
🔍 Geocodificando: AVENIDA JORGE AMADO, S/N, NOVA VITORIA - CAMACARI/BA
✅ AVENIDA JORGE AMADO, S/N, NOVA VITORIA - CAMACARI/BA => [-12.7042861, -38.3097992]
🔍 Geocodificando: RUA DOS TRANSPORTES, S/N, POLO PETROQUIMICO - CAMACARI/BA
✅ RUA DOS TRANSPORTES, S/N, POLO PETROQUIMICO - CAMACARI/BA => [-12.6567263, -38.347803]
🔍 Geocodificando: RUA DOS PIGMENTOS, S/N, POLO INDUSTRIAL DE CAMACARI - CAMACARI/BA
✅ RUA DOS PIGMENTOS, S/N, POLO INDUSTRIAL DE CAMACARI - CAMACARI/BA => [-12.6658421, -38.2919645]
🔍 Geocodificando: RUA AQUINO, , PARQUE REAL SERRA VERDE - CAMACARI/BA
✅ RUA AQUINO, , PARQUE REAL SERRA VERDE - CAMACARI/BA => [-12.6998188, -38.3260762]
🔍 Geocodificando: RUA NAFTA, 1281, COMPLEXO BASICO POLO PETROQUIMICO DE CAMACARI - CAMACARI/BA
✅ RUA NAFTA, 1281, COMPLEXO BASICO POLO PETROQUIMICO DE CAMACARI - CAMACARI/BA => [-12.6771827, -38.30776]

📊 5 atualização(ões) de cache (sucesso/falha) gravadas
💾 Coordenadas persistidas em CSV da cidade: 9 linha(s)
📦 Retornando 5 coordenadas
🔍 Geocodificando: AVENIDA INDUSTRIAL URBANA, 495, PONTO CERTO - CAMACARI/BA
✅ AVENIDA INDUSTRIAL URBANA, 495, PONTO CERTO - CAMACARI/BA => [-12.719503, -38.3119268]
🔍 Geocodificando: RODOVIA BA 535  VIA PARAFUSO, S/N, POLO DE APOIO - CAMACARI/BA
✅ RODOVIA BA 535  VIA PARAFUSO, S/N, POLO DE APOIO - CAMACARI/BA => [-12.7013305, -38.3081747]
🔍 Geocodificando: AVENIDA LESTE, LT 23, POLO DE APOIO - CAMACARI/BA
✅ AVENIDA LESTE, LT 23, POLO DE APOIO - CAMACARI/BA => [-12.7042861, -38.3097992]
🔍 Geocodificando: RUA BETA, , POLO INDUSTRIAL DE CAMACARI - CAMACARI/BA
✅ RUA BETA, , POLO INDUSTRIAL DE CAMACARI - CAMACARI/BA => [-12.6327637, -38.3246099]
🔍 Geocodificando: AVENIDA JORGE AMADO, S/N, JARDIM LIMOEIRO - CAMACARI/BA
✅ AVENIDA JORGE AMADO, S/N, JARDIM LIMOEIRO - CAMACARI/BA => [-12.7018204, -38.2999096]

📊 5 atualização(ões) de cache (sucesso/falha) gravadas
💾 Coordenadas persistidas em CSV da cidade: 41 linha(s)
📦 Retornando 5 coordenadas
🔍 Geocodificando: RUA BETA, 3, POLO INDUSTRIAL DE CAMACARI - CAMACARI/BA
✅ RUA BETA, 3, POLO INDUSTRIAL DE CAMACARI - CAMACARI/BA => [-12.6327637, -38.3246099]
🔍 Geocodificando: AVENIDA HENRY FORD, 2000, POLO PETROQUIMICO - CAMACARI/BA
✅ AVENIDA HENRY FORD, 2000, POLO PETROQUIMICO - CAMACARI/BA => [-12.6825949, -38.2924377]
🔍 Geocodificando: VIA BA 512, S/N, POLO INDUSTRIAL DE CAMACARI - CAMACARI/BA
✅ VIA BA 512, S/N, POLO INDUSTRIAL DE CAMACARI - CAMACARI/BA => [-12.6731969, -38.3325249]
🔍 Geocodificando: RUA DO COBRE, S/N, POLO DE APOIO - CAMACARI/BA
✅ RUA DO COBRE, S/N, POLO DE APOIO - CAMACARI/BA => [-12.7013513, -38.3077016]
🔍 Geocodificando: RUA AMELIA MONTENEGRO DE ALMEIDA, 286, LOTEAMENTO MONTENEGRO - CAMACARI/BA
✅ RUA AMELIA MONTENEGRO DE ALMEIDA, 286, LOTEAMENTO MONTENEGRO - CAMACARI/BA => [-12.7021894, -38.3172413]

📊 5 atualização(ões) de cache (sucesso/falha) gravadas
💾 Coordenadas persistidas em CSV da cidade: 22 linha(s)
📦 Retornando 5 coordenadas
🔍 Geocodificando: RODOVIA RODOVIA BA 535  VIA PARAFUSO, S/N, MASSARANDUBA - CAMACARI/BA
✅ RODOVIA RODOVIA BA 535  VIA PARAFUSO, S/N, MASSARANDUBA - CAMACARI/BA => [-12.7114835, -38.1385506]
🔍 Geocodificando: RUA DO ALUMINIO, S/N, POLO DE APOIO - CAMACARI/BA
✅ RUA DO ALUMINIO, S/N, POLO DE APOIO - CAMACARI/BA => [-12.7019458, -38.3091611]
🔍 Geocodificando: RUA M, S/N, POLOPLAST - CAMACARI/BA
✅ RUA M, S/N, POLOPLAST - CAMACARI/BA => [-12.6956288, -38.3018449]
🔍 Geocodificando: ESTRADA DA CASCALHEIRA, S/N, AREIAS (ABRANTES) - CAMACARI/BA
✅ ESTRADA DA CASCALHEIRA, S/N, AREIAS (ABRANTES) - CAMACARI/BA => [-12.8031617, -38.2263937]
🔍 Geocodificando: RUA DOS POLIMEROS, S/N, POLO INDUSTRIAL DE CAMACARI - CAMACARI/BA
✅ RUA DOS POLIMEROS, S/N, POLO INDUSTRIAL DE CAMACARI - CAMACARI/BA => [-12.6712829, -38.2996035]

📊 5 atualização(ões) de cache (sucesso/falha) gravadas
💾 Coordenadas persistidas em CSV da cidade: 34 linha(s)
📦 Retornando 5 coordenadas
🔍 Geocodificando: AVENIDA BYD, 2000, POLO INDUSTRIAL DE CAMACARI - CAMACARI/BA
✅ AVENIDA BYD, 2000, POLO INDUSTRIAL DE CAMACARI - CAMACARI/BA => [-12.6631893, -38.3044721]
🔍 Geocodificando: ESTRADA DO COCO KM 10, S/N, CATU DE ABRANTES/BOA UNIAO - CAMACARI/BA
✅ ESTRADA DO COCO KM 10, S/N, CATU DE ABRANTES/BOA UNIAO - CAMACARI/BA => [-12.6617125, -38.0915124]
🔍 Geocodificando: RUA ETENO, 3280, POLO INDUSTRIAL DE CAMACARI - CAMACARI/BA
✅ RUA ETENO, 3280, POLO INDUSTRIAL DE CAMACARI - CAMACARI/BA => [-12.6613709, -38.3173117]
🔍 Geocodificando: RUA NOVA DO PARAFUSO, S/N, PARAFUSO - CAMACARI/BA
✅ RUA NOVA DO PARAFUSO, S/N, PARAFUSO - CAMACARI/BA => [-12.7750622, -38.3266403]
🔍 Geocodificando: RODOVIA BA 535  VIA PARAFUSO, S/N, MORRO DA MANTEIGA - CAMACARI/BA
✅ RODOVIA BA 535  VIA PARAFUSO, S/N, MORRO DA MANTEIGA - CAMACARI/BA => [-12.6998188, -38.3260762]

📊 5 atualização(ões) de cache (sucesso/falha) gravadas
💾 Coordenadas persistidas em CSV da cidade: 27 linha(s)
📦 Retornando 5 coordenadas
🔍 Geocodificando: RUA A2, S/N, JARDIM LIMOEIRO - CAMACARI/BA
✅ RUA A2, S/N, JARDIM LIMOEIRO - CAMACARI/BA => [-12.7098272, -38.2994889]
🔍 Geocodificando: RUA DOS PLASTICOS, S/N, POLO INDUSTRIAL DE CAMACARI - CAMACARI/BA
✅ RUA DOS PLASTICOS, S/N, POLO INDUSTRIAL DE CAMACARI - CAMACARI/BA => [-12.665938, -38.296244]
🔍 Geocodificando: AVENIDA HENRY FORD, 2000, POLO INDUSTRIAL DE CAMACARI - CAMACARI/BA
✅ AVENIDA HENRY FORD, 2000, POLO INDUSTRIAL DE CAMACARI - CAMACARI/BA => [-12.6825949, -38.2924377]
🔍 Geocodificando: VIA AXIAL, 1221, AREA DE USOS ESPECIAIS - CAMACARI/BA
✅ VIA AXIAL, 1221, AREA DE USOS ESPECIAIS - CAMACARI/BA => [-12.6733488, -38.3555222]
🔍 Geocodificando: RUA DOM PEDRO I, S/N, JARDIM LIMOEIRO - CAMACARI/BA
✅ RUA DOM PEDRO I, S/N, JARDIM LIMOEIRO - CAMACARI/BA => [-12.8401783, -38.2643031]

📊 5 atualização(ões) de cache (sucesso/falha) gravadas
💾 Coordenadas persistidas em CSV da cidade: 21 linha(s)
📦 Retornando 5 coordenadas
